WARNING:tensorflow:From C:\Users\B460MPLUS\AppData\Local\Programs\Python\Python39\lib\site-packages\keras\src\losses.py:2976: The name tf.losses.sparse_softmax_cross_entropy is deprecated. Please use tf.compat.v1.losses.sparse_softmax_cross_entropy instead.

Traceback (most recent call last):
  File "C:\Users\B460MPLUS\AppData\Local\Programs\Python\Python39\lib\site-packages\ultralytics\engine\trainer.py", line 705, in get_dataset
    data = check_det_dataset(self.args.data)
  File "C:\Users\B460MPLUS\AppData\Local\Programs\Python\Python39\lib\site-packages\ultralytics\data\utils.py", line 415, in check_det_dataset
    file = Path(check_file(dataset))
  File "C:\Users\B460MPLUS\AppData\Local\Programs\Python\Python39\lib\site-packages\ultralytics\utils\checks.py", line 683, in check_file
    raise FileNotFoundError(f"'{file}' does not exist")
FileNotFoundError: 'data\detection_zenodo_5class\roboflow_6class.yaml' does not exist

The above exception was the direct cause of the following exception:

Traceback (most recent call last):
  File "C:\Pywork\dental\dental\train_detection.py", line 48, in <module>
    _load_main()()
  File "C:\Pywork\dental\dental\scripts\train_detection.py", line 273, in main
    model.train(**train_kw)
  File "C:\Users\B460MPLUS\AppData\Local\Programs\Python\Python39\lib\site-packages\ultralytics\engine\model.py", line 781, in train
    self.trainer = (trainer or self._smart_load("trainer"))(overrides=args, _callbacks=self.callbacks)
  File "C:\Users\B460MPLUS\AppData\Local\Programs\Python\Python39\lib\site-packages\ultralytics\models\yolo\detect\train.py", line 63, in __init__
    super().__init__(cfg, overrides, _callbacks)
  File "C:\Users\B460MPLUS\AppData\Local\Programs\Python\Python39\lib\site-packages\ultralytics\engine\trainer.py", line 186, in __init__
    self.data = self.get_dataset()
  File "C:\Users\B460MPLUS\AppData\Local\Programs\Python\Python39\lib\site-packages\ultralytics\engine\trainer.py", line 709, in get_dataset
    raise RuntimeError(emojis(f"Dataset '{clean_url(self.args.data)}' error \u274c {e}")) from e
RuntimeError: Dataset 'data/detection_zenodo_5class/roboflow_6class.yaml' error  'data\detection_zenodo_5class\roboflow_6class.yaml' does not exist
