WARNING:tensorflow:From C:\Users\B460MPLUS\AppData\Local\Programs\Python\Python39\lib\site-packages\keras\src\losses.py:2976: The name tf.losses.sparse_softmax_cross_entropy is deprecated. Please use tf.compat.v1.losses.sparse_softmax_cross_entropy instead.

Traceback (most recent call last):
  File "C:\Pywork\dental\dental\train_detection.py", line 48, in <module>
    _load_main()()
  File "C:\Pywork\dental\dental\scripts\train_detection.py", line 273, in main
    model.train(**train_kw)
  File "C:\Users\B460MPLUS\AppData\Local\Programs\Python\Python39\lib\site-packages\ultralytics\engine\model.py", line 787, in train
    self.trainer.train()
  File "C:\Users\B460MPLUS\AppData\Local\Programs\Python\Python39\lib\site-packages\ultralytics\engine\trainer.py", line 246, in train
    self._do_train()
  File "C:\Users\B460MPLUS\AppData\Local\Programs\Python\Python39\lib\site-packages\ultralytics\engine\trainer.py", line 369, in _do_train
    self._setup_train()
  File "C:\Users\B460MPLUS\AppData\Local\Programs\Python\Python39\lib\site-packages\ultralytics\engine\trainer.py", line 350, in _setup_train
    self._build_train_pipeline()
  File "C:\Users\B460MPLUS\AppData\Local\Programs\Python\Python39\lib\site-packages\ultralytics\engine\trainer.py", line 271, in _build_train_pipeline
    self.train_loader = self.get_dataloader(
  File "C:\Users\B460MPLUS\AppData\Local\Programs\Python\Python39\lib\site-packages\ultralytics\models\yolo\detect\train.py", line 98, in get_dataloader
    return build_dataloader(
  File "C:\Users\B460MPLUS\AppData\Local\Programs\Python\Python39\lib\site-packages\ultralytics\data\build.py", line 326, in build_dataloader
    return InfiniteDataLoader(
  File "C:\Users\B460MPLUS\AppData\Local\Programs\Python\Python39\lib\site-packages\ultralytics\data\build.py", line 67, in __init__
    self.iterator = super().__iter__()
  File "C:\Users\B460MPLUS\AppData\Local\Programs\Python\Python39\lib\site-packages\torch\utils\data\dataloader.py", line 484, in __iter__
    return self._get_iterator()
  File "C:\Users\B460MPLUS\AppData\Local\Programs\Python\Python39\lib\site-packages\torch\utils\data\dataloader.py", line 415, in _get_iterator
    return _MultiProcessingDataLoaderIter(self)
  File "C:\Users\B460MPLUS\AppData\Local\Programs\Python\Python39\lib\site-packages\torch\utils\data\dataloader.py", line 1099, in __init__
    self._worker_result_queue = multiprocessing_context.Queue()  # type: ignore[var-annotated]
  File "C:\Users\B460MPLUS\AppData\Local\Programs\Python\Python39\lib\multiprocessing\context.py", line 103, in Queue
    return Queue(maxsize, ctx=self.get_context())
  File "C:\Users\B460MPLUS\AppData\Local\Programs\Python\Python39\lib\multiprocessing\queues.py", line 42, in __init__
    self._reader, self._writer = connection.Pipe(duplex=False)
  File "C:\Users\B460MPLUS\AppData\Local\Programs\Python\Python39\lib\multiprocessing\connection.py", line 563, in Pipe
    h2 = _winapi.CreateFile(
PermissionError: [WinError 5] 액세스가 거부되었습니다
