WARNING:tensorflow:From C:\Users\B460MPLUS\AppData\Local\Programs\Python\Python39\lib\site-packages\keras\src\losses.py:2976: The name tf.losses.sparse_softmax_cross_entropy is deprecated. Please use tf.compat.v1.losses.sparse_softmax_cross_entropy instead.

Traceback (most recent call last):
  File "C:\Users\B460MPLUS\AppData\Local\Programs\Python\Python39\lib\site-packages\ultralytics\data\dataset.py", line 169, in get_labels
    cache, exists = load_dataset_cache_file(cache_path), True  # attempt to load a *.cache file
  File "C:\Users\B460MPLUS\AppData\Local\Programs\Python\Python39\lib\site-packages\ultralytics\data\utils.py", line 800, in load_dataset_cache_file
    cache = np.load(str(path), allow_pickle=True).item()  # load dict
  File "C:\Users\B460MPLUS\AppData\Local\Programs\Python\Python39\lib\site-packages\numpy\lib\npyio.py", line 427, in load
    fid = stack.enter_context(open(os_fspath(file), "rb"))
FileNotFoundError: [Errno 2] No such file or directory: 'C:\\Pywork\\dental\\dental\\data\\detection_hierarchical_zenodo_5class\\labels\\train.cache'

During handling of the above exception, another exception occurred:

Traceback (most recent call last):
  File "C:\Pywork\dental\dental\train_detection.py", line 48, in <module>
    _load_main()()
  File "C:\Pywork\dental\dental\scripts\train_detection.py", line 273, in main
    model.train(**train_kw)
  File "C:\Users\B460MPLUS\AppData\Local\Programs\Python\Python39\lib\site-packages\ultralytics\engine\model.py", line 787, in train
    self.trainer.train()
  File "C:\Users\B460MPLUS\AppData\Local\Programs\Python\Python39\lib\site-packages\ultralytics\engine\trainer.py", line 246, in train
    self._do_train()
  File "C:\Users\B460MPLUS\AppData\Local\Programs\Python\Python39\lib\site-packages\ultralytics\engine\trainer.py", line 369, in _do_train
    self._setup_train()
  File "C:\Users\B460MPLUS\AppData\Local\Programs\Python\Python39\lib\site-packages\ultralytics\engine\trainer.py", line 350, in _setup_train
    self._build_train_pipeline()
  File "C:\Users\B460MPLUS\AppData\Local\Programs\Python\Python39\lib\site-packages\ultralytics\engine\trainer.py", line 271, in _build_train_pipeline
    self.train_loader = self.get_dataloader(
  File "C:\Users\B460MPLUS\AppData\Local\Programs\Python\Python39\lib\site-packages\ultralytics\models\yolo\detect\train.py", line 93, in get_dataloader
    dataset = self.build_dataset(dataset_path, mode, batch_size)
  File "C:\Users\B460MPLUS\AppData\Local\Programs\Python\Python39\lib\site-packages\ultralytics\models\yolo\detect\train.py", line 77, in build_dataset
    return build_yolo_dataset(self.args, img_path, batch, self.data, mode=mode, rect=mode == "val", stride=gs)
  File "C:\Users\B460MPLUS\AppData\Local\Programs\Python\Python39\lib\site-packages\ultralytics\data\build.py", line 236, in build_yolo_dataset
    return dataset(
  File "C:\Users\B460MPLUS\AppData\Local\Programs\Python\Python39\lib\site-packages\ultralytics\data\dataset.py", line 88, in __init__
    super().__init__(*args, channels=self.data.get("channels", 3), **kwargs)
  File "C:\Users\B460MPLUS\AppData\Local\Programs\Python\Python39\lib\site-packages\ultralytics\data\base.py", line 118, in __init__
    self.labels = self.get_labels()
  File "C:\Users\B460MPLUS\AppData\Local\Programs\Python\Python39\lib\site-packages\ultralytics\data\dataset.py", line 173, in get_labels
    cache, exists = self.cache_labels(cache_path), False  # run cache ops
  File "C:\Users\B460MPLUS\AppData\Local\Programs\Python\Python39\lib\site-packages\ultralytics\data\dataset.py", line 109, in cache_labels
    with ThreadPool(NUM_THREADS) as pool:
  File "C:\Users\B460MPLUS\AppData\Local\Programs\Python\Python39\lib\multiprocessing\pool.py", line 927, in __init__
    Pool.__init__(self, processes, initializer, initargs)
  File "C:\Users\B460MPLUS\AppData\Local\Programs\Python\Python39\lib\multiprocessing\pool.py", line 196, in __init__
    self._change_notifier = self._ctx.SimpleQueue()
  File "C:\Users\B460MPLUS\AppData\Local\Programs\Python\Python39\lib\multiprocessing\context.py", line 113, in SimpleQueue
    return SimpleQueue(ctx=self.get_context())
  File "C:\Users\B460MPLUS\AppData\Local\Programs\Python\Python39\lib\multiprocessing\queues.py", line 340, in __init__
    self._reader, self._writer = connection.Pipe(duplex=False)
  File "C:\Users\B460MPLUS\AppData\Local\Programs\Python\Python39\lib\multiprocessing\connection.py", line 563, in Pipe
    h2 = _winapi.CreateFile(
PermissionError: [WinError 5] 액세스가 거부되었습니다
