Deep caries balancing enabled: class_counts={0: 597, 3: 170, 2: 117, 1: 22} deep_images=13 repeat_factor=8 oversampled_images=13
Balanced train manifest: artifacts\detection\training_assets\dentex_detection_deep_caries_x8_train.txt
Balanced data config: artifacts\detection\training_assets\dentex_detection_deep_caries_x8.yaml
TensorBoard: logging training loss/LR each batch and validation metrics each epoch (see https://tutorials.pytorch.kr/recipes/recipes/tensorboard_with_pytorch.html).
  tensorboard --logdir "C:\Users\junho\AppData\Local\Temp\dental_yolo_tb" --reload_interval 2
  Open http://localhost:6006/ — run folder: yolov8n_live_batchtb_20260329_1317

New https://pypi.org/project/ultralytics/8.4.31 available  Update with 'pip install -U ultralytics'
Ultralytics 8.4.26  Python-3.12.1 torch-2.7.1+cu118 CUDA:0 (GeForce MX450, 2048MiB)
[34m[1mengine\trainer: [0magnostic_nms=False, amp=False, angle=1.0, augment=False, auto_augment=randaugment, batch=1, bgr=0.0, box=7.5, cache=False, cfg=None, classes=None, close_mosaic=10, cls=0.5, compile=False, conf=None, copy_paste=0.0, copy_paste_mode=flip, cos_lr=False, cutmix=0.0, data=artifacts\detection\training_assets\dentex_detection_deep_caries_x8.yaml, degrees=0.0, deterministic=True, device=0, dfl=1.5, dnn=False, dropout=0.0, dynamic=False, embed=None, end2end=None, epochs=30, erasing=0.4, exist_ok=False, fliplr=0.5, flipud=0.0, format=torchscript, fraction=1.0, freeze=None, half=False, hsv_h=0.015, hsv_s=0.7, hsv_v=0.4, imgsz=320, int8=False, iou=0.7, keras=False, kobj=1.0, line_width=None, lr0=0.01, lrf=0.01, mask_ratio=4, max_det=300, mixup=0.0, mode=train, model=yolov8n.pt, momentum=0.937, mosaic=1.0, multi_scale=0.0, name=yolov8n_live_batchtb_20260329_1317, nbs=64, nms=False, opset=None, optimize=False, optimizer=auto, overlap_mask=True, patience=10, perspective=0.0, plots=False, pose=12.0, pretrained=True, profile=False, project=artifacts/detection, rect=False, resume=False, retina_masks=False, rle=1.0, save=True, save_conf=False, save_crop=False, save_dir=C:\Users\junho\Desktop\4 1\\dental\runs\detect\artifacts\detection\yolov8n_live_batchtb_20260329_1317, save_frames=False, save_json=False, save_period=-1, save_txt=False, scale=0.5, seed=0, shear=0.0, show=False, show_boxes=True, show_conf=True, show_labels=True, simplify=True, single_cls=False, source=None, split=val, stream_buffer=False, task=detect, time=None, tracker=botsort.yaml, translate=0.1, val=True, verbose=True, vid_stride=1, visualize=False, warmup_bias_lr=0.1, warmup_epochs=3.0, warmup_momentum=0.8, weight_decay=0.0005, workers=0, workspace=None
Overriding model.yaml nc=80 with nc=4

                   from  n    params  module                                       arguments                     
  0                  -1  1       464  ultralytics.nn.modules.conv.Conv             [3, 16, 3, 2]                 
  1                  -1  1      4672  ultralytics.nn.modules.conv.Conv             [16, 32, 3, 2]                
  2                  -1  1      7360  ultralytics.nn.modules.block.C2f             [32, 32, 1, True]             
  3                  -1  1     18560  ultralytics.nn.modules.conv.Conv             [32, 64, 3, 2]                
  4                  -1  2     49664  ultralytics.nn.modules.block.C2f             [64, 64, 2, True]             
  5                  -1  1     73984  ultralytics.nn.modules.conv.Conv             [64, 128, 3, 2]               
  6                  -1  2    197632  ultralytics.nn.modules.block.C2f             [128, 128, 2, True]           
  7                  -1  1    295424  ultralytics.nn.modules.conv.Conv             [128, 256, 3, 2]              
  8                  -1  1    460288  ultralytics.nn.modules.block.C2f             [256, 256, 1, True]           
  9                  -1  1    164608  ultralytics.nn.modules.block.SPPF            [256, 256, 5]                 
 10                  -1  1         0  torch.nn.modules.upsampling.Upsample         [None, 2, 'nearest']          
 11             [-1, 6]  1         0  ultralytics.nn.modules.conv.Concat           [1]                           
 12                  -1  1    148224  ultralytics.nn.modules.block.C2f             [384, 128, 1]                 
 13                  -1  1         0  torch.nn.modules.upsampling.Upsample         [None, 2, 'nearest']          
 14             [-1, 4]  1         0  ultralytics.nn.modules.conv.Concat           [1]                           
 15                  -1  1     37248  ultralytics.nn.modules.block.C2f             [192, 64, 1]                  
 16                  -1  1     36992  ultralytics.nn.modules.conv.Conv             [64, 64, 3, 2]                
 17            [-1, 12]  1         0  ultralytics.nn.modules.conv.Concat           [1]                           
 18                  -1  1    123648  ultralytics.nn.modules.block.C2f             [192, 128, 1]                 
 19                  -1  1    147712  ultralytics.nn.modules.conv.Conv             [128, 128, 3, 2]              
 20             [-1, 9]  1         0  ultralytics.nn.modules.conv.Concat           [1]                           
 21                  -1  1    493056  ultralytics.nn.modules.block.C2f             [384, 256, 1]                 
 22        [15, 18, 21]  1    752092  ultralytics.nn.modules.head.Detect           [4, 16, None, [64, 128, 256]] 
Model summary: 130 layers, 3,011,628 parameters, 3,011,612 gradients, 8.2 GFLOPs

Transferred 319/355 items from pretrained weights
Freezing layer 'model.22.dfl.conv.weight'
[34m[1mtrain: [0mFast image access  (ping: 0.10.0 ms, read: 519.791.6 MB/s, size: 4977.6 KB)
[K[34m[1mtrain: [0mScanning C:\Users\junho\Desktop\4학년 1학기\딥러닝실습\dental\data\detection\labels\train.cache... 290 images, 0 backgrounds, 0 corrupt: 100% ━━━━━━━━━━━━ 290/290  0.0s
[34m[1malbumentations: [0mBlur(p=0.01, blur_limit=(3, 7)), MedianBlur(p=0.01, blur_limit=(3, 7)), ToGray(p=0.01, method='weighted_average', num_output_channels=3), CLAHE(p=0.01, clip_limit=(1.0, 4.0), tile_grid_size=(8, 8))
[34m[1mval: [0mFast image access  (ping: 0.00.0 ms, read: 833.7153.7 MB/s, size: 4220.0 KB)
[K[34m[1mval: [0mScanning C:\Users\junho\Desktop\4학년 1학기\딥러닝실습\dental\data\detection\labels\val.cache... 28 images, 0 backgrounds, 0 corrupt: 100% ━━━━━━━━━━━━ 28/28  0.0s
[34m[1moptimizer:[0m 'optimizer=auto' found, ignoring 'lr0=0.01' and 'momentum=0.937' and determining best 'optimizer', 'lr0' and 'momentum' automatically... 
[34m[1moptimizer:[0m AdamW(lr=0.00125, momentum=0.9) with parameter groups 57 weight(decay=0.0), 64 weight(decay=0.0005), 63 bias(decay=0.0)
Image sizes 320 train, 320 val
Using 0 dataloader workers
Logging results to [1mC:\Users\junho\Desktop\4 1\\dental\runs\detect\artifacts\detection\yolov8n_live_batchtb_20260329_1317[0m
Starting training for 30 epochs...

      Epoch    GPU_mem   box_loss   cls_loss   dfl_loss  Instances       Size
[K       1/30     0.125G      2.576      4.681      1.765          3        320: 0% ──────────── 0/290  7.9s[K       1/30     0.125G      2.576      4.681      1.765          3        320: 0% ──────────── 0/290  7.9s
